Line 378: sub-types of primitive types should not have nested members, ignoring unrecognized block "- object (string) - data attribute is a JSON object.".
Line 378: sub-types of primitive types should not have nested members, ignoring unrecognized block "- list (string) - data attribute is a list.".
Line 643: sub-types of primitive types should not have nested members, ignoring unrecognized block "- CLINIC".
Line 678: sub-types of primitive types should not have nested members, ignoring unrecognized block "- CLINIC".
Line 678: sub-types of primitive types should not have nested members, ignoring unrecognized block "- AMBULANT_CLINIC".
Line 678: sub-types of primitive types should not have nested members, ignoring unrecognized block "- FAP".
Line 699: sub-types of primitive types should not have nested members, ignoring unrecognized block "- CLINIC".
Line 699: sub-types of primitive types should not have nested members, ignoring unrecognized block "- AMBULANT_CLINIC".
Line 699: sub-types of primitive types should not have nested members, ignoring unrecognized block "- FAP".
Line 703: sub-types of primitive types should not have nested members, ignoring unrecognized block "- ACTIVE".
Line 703: sub-types of primitive types should not have nested members, ignoring unrecognized block "- INACTIVE".
Line 713: sub-types of primitive types should not have nested members, ignoring unrecognized block "- CLINIC".
Line 713: sub-types of primitive types should not have nested members, ignoring unrecognized block "- AMBULANT_CLINIC".
Line 713: sub-types of primitive types should not have nested members, ignoring unrecognized block "- FAP".
Line 717: sub-types of primitive types should not have nested members, ignoring unrecognized block "- ACTIVE".
Line 717: sub-types of primitive types should not have nested members, ignoring unrecognized block "- INACTIVE".
Line 730: sub-types of primitive types should not have nested members, ignoring unrecognized block "- ACTIVE".
Line 730: sub-types of primitive types should not have nested members, ignoring unrecognized block "- INACTIVE".
Line 784: sub-types of primitive types should not have nested members, ignoring unrecognized block "+ ACTIVE".
Line 784: sub-types of primitive types should not have nested members, ignoring unrecognized block "+ CLOSED".
Line 900: "object" with value definition. You should use type definition without value, e.g., "+ key (object)"
Line 900: "object" with value definition. You should use type definition without value, e.g., "+ key (object)"
Line 904: "object" with value definition. You should use type definition without value, e.g., "+ key (object)"
Line 904: "object" with value definition. You should use type definition without value, e.g., "+ key (object)"
Line 994: sub-types of primitive types should not have nested members, ignoring unrecognized block "- employee".
Line 994: sub-types of primitive types should not have nested members, ignoring unrecognized block "- patient".
Line 1110: sub-types of primitive types should not have nested members, ignoring unrecognized block "- available".
Line 1110: sub-types of primitive types should not have nested members, ignoring unrecognized block "- unavailable".
Line 1121: sub-types of primitive types should not have nested members, ignoring unrecognized block "- available".
Line 1121: sub-types of primitive types should not have nested members, ignoring unrecognized block "- unavailable".
Line 1121: sub-types of primitive types should not have nested members, ignoring unrecognized block "- unsatisfactory".
Line 1121: sub-types of primitive types should not have nested members, ignoring unrecognized block "- entered_in_error".
Line 1170: "object" with value definition. You should use type definition without value, e.g., "+ key (object)"
Line 1181: sub-types of primitive types should not have nested members, ignoring unrecognized block "- employee".
Line 1181: sub-types of primitive types should not have nested members, ignoring unrecognized block "- patient".
Line 1844: sub-types of primitive types should not have nested members, ignoring unrecognized block "- employee".
Line 1844: sub-types of primitive types should not have nested members, ignoring unrecognized block "- patient".
Line 1926: sub-types of primitive types should not have nested members, ignoring unrecognized block "- condition".
Line 1926: sub-types of primitive types should not have nested members, ignoring unrecognized block "- observation".
Line 1926: sub-types of primitive types should not have nested members, ignoring unrecognized block "- diagnostic_report".
Line 1926: sub-types of primitive types should not have nested members, ignoring unrecognized block "- procedure".
Line 1926: sub-types of primitive types should not have nested members, ignoring unrecognized block "- encounter".
Line 1926: sub-types of primitive types should not have nested members, ignoring unrecognized block "- episode".
Line 1926: sub-types of primitive types should not have nested members, ignoring unrecognized block "- device".
Line 1926: sub-types of primitive types should not have nested members, ignoring unrecognized block "- device_association".
Line 1945: sub-types of primitive types should not have nested members, ignoring unrecognized block "- device_definition".
Line 1945: sub-types of primitive types should not have nested members, ignoring unrecognized block "- device".
Line 2028: sub-types of primitive types should not have nested members, ignoring unrecognized block "- observaton".
Line 2037: sub-types of primitive types should not have nested members, ignoring unrecognized block "- procedure".
Line 2037: sub-types of primitive types should not have nested members, ignoring unrecognized block "- diagnostic_report".
Line 2037: sub-types of primitive types should not have nested members, ignoring unrecognized block "- encounter".
Line 2050: sub-types of primitive types should not have nested members, ignoring unrecognized block "- completed".
Line 2050: sub-types of primitive types should not have nested members, ignoring unrecognized block "- entered_in_error".
Line 2285: sub-types of primitive types should not have nested members, ignoring unrecognized block "- completed".
Line 2285: sub-types of primitive types should not have nested members, ignoring unrecognized block "- entered_in_error".
Line 2415: sub-types of primitive types should not have nested members, ignoring unrecognized block "- completed".
Line 2415: sub-types of primitive types should not have nested members, ignoring unrecognized block "- entered_in_error".
Line 2524: "object" with value definition. You should use type definition without value, e.g., "+ key (object)"
Line 2588: sub-types of primitive types should not have nested members, ignoring unrecognized block "- user_friendly".
Line 2588: sub-types of primitive types should not have nested members, ignoring unrecognized block "- registered".
Line 2588: sub-types of primitive types should not have nested members, ignoring unrecognized block "- patient_reported".
Line 3694: sub-types of primitive types should not have nested members, ignoring unrecognized block "- VALID".
Line 3694: sub-types of primitive types should not have nested members, ignoring unrecognized block "- INVALID".
Line 3812: sub-types of primitive types should not have nested members, ignoring unrecognized block "- plan - The request represents an intention to ensure something occurs without providing an authorization for others to act.".
Line 3812: sub-types of primitive types should not have nested members, ignoring unrecognized block "- order - The request represents a request/demand and authorization for action.".
Line 3815: sub-types of primitive types should not have nested members, ignoring unrecognized block "- community - Includes requests for medications to be administered or consumed by the patient in their home".
Line 3841: Attribute nullable has been defined more than once.
Line 3866: sub-types of primitive types should not have nested members, ignoring unrecognized block "- plan - The request represents an intention to ensure something occurs without providing an authorization for others to act.".
Line 3866: sub-types of primitive types should not have nested members, ignoring unrecognized block "- order - The request represents a request/demand and authorization for action.".
Line 3869: sub-types of primitive types should not have nested members, ignoring unrecognized block "- community - Includes requests for medications to be administered or consumed by the patient in their home".
Line 3893: Attribute nullable has been defined more than once.
Line 3922: sub-types of primitive types should not have nested members, ignoring unrecognized block "- plan - The request represents an intention to ensure something occurs without providing an authorization for others to act.".
Line 3922: sub-types of primitive types should not have nested members, ignoring unrecognized block "- order - The request represents a request/demand and authorization for action.".
Line 3925: sub-types of primitive types should not have nested members, ignoring unrecognized block "- community - Includes requests for medications to be administered or consumed by the patient in their home".
Line 3951: Attribute nullable has been defined more than once.
Line 3982: sub-types of primitive types should not have nested members, ignoring unrecognized block "- plan - The request represents an intention to ensure something occurs without providing an authorization for others to act.".
Line 3982: sub-types of primitive types should not have nested members, ignoring unrecognized block "- order - The request represents a request/demand and authorization for action.".
Line 3985: sub-types of primitive types should not have nested members, ignoring unrecognized block "- community - Includes requests for medications to be administered or consumed by the patient in their home".
Line 4011: Attribute nullable has been defined more than once.
Line 4040: sub-types of primitive types should not have nested members, ignoring unrecognized block "- plan - The request represents an intention to ensure something occurs without providing an authorization for others to act.".
Line 4040: sub-types of primitive types should not have nested members, ignoring unrecognized block "- order - The request represents a request/demand and authorization for action.".
Line 4043: sub-types of primitive types should not have nested members, ignoring unrecognized block "- community - Includes requests for medications to be administered or consumed by the patient in their home".
Line 4069: Attribute nullable has been defined more than once.
Line 4094: sub-types of primitive types should not have nested members, ignoring unrecognized block "- plan - The request represents an intention to ensure something occurs without providing an authorization for others to act.".
Line 4094: sub-types of primitive types should not have nested members, ignoring unrecognized block "- order - The request represents a request/demand and authorization for action.".
Line 4097: sub-types of primitive types should not have nested members, ignoring unrecognized block "- community - Includes requests for medications to be administered or consumed by the patient in their home".
Line 4121: Attribute nullable has been defined more than once.
Line 4147: sub-types of primitive types should not have nested members, ignoring unrecognized block "- plan - The request represents an intention to ensure something occurs without providing an authorization for others to act.".
Line 4147: sub-types of primitive types should not have nested members, ignoring unrecognized block "- order - The request represents a request/demand and authorization for action.".
Line 4150: sub-types of primitive types should not have nested members, ignoring unrecognized block "- community - Includes requests for medications to be administered or consumed by the patient in their home".
Line 4203: sub-types of primitive types should not have nested members, ignoring unrecognized block "- plan - The request represents an intention to ensure something occurs without providing an authorization for others to act.".
Line 4203: sub-types of primitive types should not have nested members, ignoring unrecognized block "- order - The request represents a request/demand and authorization for action.".
Line 4206: sub-types of primitive types should not have nested members, ignoring unrecognized block "- community - Includes requests for medications to be administered or consumed by the patient in their home".
Line 4232: Attribute nullable has been defined more than once.
Line 4261: sub-types of primitive types should not have nested members, ignoring unrecognized block "- plan - The request represents an intention to ensure something occurs without providing an authorization for others to act.".
Line 4261: sub-types of primitive types should not have nested members, ignoring unrecognized block "- order - The request represents a request/demand and authorization for action.".
Line 4264: sub-types of primitive types should not have nested members, ignoring unrecognized block "- community - Includes requests for medications to be administered or consumed by the patient in their home".
Line 4290: Attribute nullable has been defined more than once.
Line 4303: sub-types of primitive types should not have nested members, ignoring unrecognized block "- community - Includes requests for medications to be administered or consumed by the patient in their home".
Line 4316: sub-types of primitive types should not have nested members, ignoring unrecognized block "- plan - The request represents an intention to ensure something occurs without providing an authorization for others to act. "medical_program" is absent".
Line 4316: sub-types of primitive types should not have nested members, ignoring unrecognized block "- order - The request represents a request/demand and authorization for action. "medical_program" is required".
Line 4329: sub-types of primitive types should not have nested members, ignoring unrecognized block "- NO_REQUEST_NEEDED".
Line 4329: sub-types of primitive types should not have nested members, ignoring unrecognized block "- NO_SMS".
Line 4329: sub-types of primitive types should not have nested members, ignoring unrecognized block "- PATIENT_REJECT".
Line 4329: sub-types of primitive types should not have nested members, ignoring unrecognized block "- WRONG_DOSAGE".
Line 4329: sub-types of primitive types should not have nested members, ignoring unrecognized block "- WRONG_PERIOD".
Line 4329: sub-types of primitive types should not have nested members, ignoring unrecognized block "- WRONG_QTY".
Line 4329: sub-types of primitive types should not have nested members, ignoring unrecognized block "- WRONG_SIGNATURE".
Line 4348: sub-types of primitive types should not have nested members, ignoring unrecognized block "- community - Includes requests for medications to be administered or consumed by the patient in their home".
Line 4360: sub-types of primitive types should not have nested members, ignoring unrecognized block "- plan - The request represents an intention to ensure something occurs without providing an authorization for others to act. "medical_program" is absent".
Line 4360: sub-types of primitive types should not have nested members, ignoring unrecognized block "- order - The request represents a request/demand and authorization for action. "medical_program" is required".
Line 4369: sub-types of primitive types should not have nested members, ignoring unrecognized block "- NO_REQUEST_NEEDED".
Line 4369: sub-types of primitive types should not have nested members, ignoring unrecognized block "- NO_SMS".
Line 4369: sub-types of primitive types should not have nested members, ignoring unrecognized block "- PATIENT_REJECT".
Line 4369: sub-types of primitive types should not have nested members, ignoring unrecognized block "- WRONG_DOSAGE".
Line 4369: sub-types of primitive types should not have nested members, ignoring unrecognized block "- WRONG_PERIOD".
Line 4369: sub-types of primitive types should not have nested members, ignoring unrecognized block "- WRONG_QTY".
Line 4369: sub-types of primitive types should not have nested members, ignoring unrecognized block "- WRONG_SIGNATURE".
Line 4381: Enum element "status" should include members.
Line 4412: sub-types of primitive types should not have nested members, ignoring unrecognized block "- plan - The request represents an intention to ensure something occurs without providing an authorization for others to act.".
Line 4412: sub-types of primitive types should not have nested members, ignoring unrecognized block "- order - The request represents a request/demand and authorization for action.".
Line 4415: sub-types of primitive types should not have nested members, ignoring unrecognized block "- community - Includes requests for medications to be administered or consumed by the patient in their home".
Line 4441: Attribute nullable has been defined more than once.
Line 4567: Invalid value format "'10.34'" for type "number".
Line 4590: sub-types of primitive types should not have nested members, ignoring unrecognized block "- ACTIVE".
Line 4590: sub-types of primitive types should not have nested members, ignoring unrecognized block "- INACTIVE".
Line 4621: sub-types of primitive types should not have nested members, ignoring unrecognized block "- ACTIVE".
Line 4621: sub-types of primitive types should not have nested members, ignoring unrecognized block "- INACTIVE".
Line 4648: Ignoring unrecognized block "#Party".
Line 4825: sub-types of primitive types should not have nested members, ignoring unrecognized block "- ACTIVE".
Line 4825: sub-types of primitive types should not have nested members, ignoring unrecognized block "- CLOSED".
Line 4836: sub-types of primitive types should not have nested members, ignoring unrecognized block "- ACTIVE".
Line 4836: sub-types of primitive types should not have nested members, ignoring unrecognized block "- CLOSED".
Line 4860: sub-types of primitive types should not have nested members, ignoring unrecognized block "- routine - The request has normal priority.".
Line 4860: sub-types of primitive types should not have nested members, ignoring unrecognized block "- urgent - The request should be actioned promptly - higher priority than routine.".
Line 4860: sub-types of primitive types should not have nested members, ignoring unrecognized block "- asap - The request should be actioned as soon as possible - higher priority than urgent.".
Line 4860: sub-types of primitive types should not have nested members, ignoring unrecognized block "- stat - The request should be actioned immediately - highest possible priority. E.g. an emergency.".
Line 4890: Ignoring unrecognized block "+ (Coding + system: eHealth/SNOMED/medication_as_needed_reason_codes (string) + code: 144008 (string)".
Line 5135: No value(s) specified: "author: (Reference_request, required)"
Line 5150: Type attribute "required" is not allowed for a value of type "object"
Line 5166: Type attribute "required" is not allowed for a value of type "object"
Line 5235: No name specified: "(Coding)"
Line 5259: Type attribute "required" is not allowed for a value of type "object"
Line 5279: sub-types of primitive types should not have nested members, ignoring unrecognized block "- MALE".
Line 5279: sub-types of primitive types should not have nested members, ignoring unrecognized block "- FEMALE".
Line 5294: sub-types of primitive types should not have nested members, ignoring unrecognized block "- completed".
Line 5294: sub-types of primitive types should not have nested members, ignoring unrecognized block "- entered_in_error".
Line 5395: sub-types of primitive types should not have nested members, ignoring unrecognized block "- completed".
Line 5395: sub-types of primitive types should not have nested members, ignoring unrecognized block "- entered_in_error".
Line 5523: sub-types of primitive types should not have nested members, ignoring unrecognized block "- completed".
Line 5523: sub-types of primitive types should not have nested members, ignoring unrecognized block "- entered_in_error".
Line 5586: sub-types of primitive types should not have nested members, ignoring unrecognized block "- procedure".
Line 5586: sub-types of primitive types should not have nested members, ignoring unrecognized block "- diagnostic_report".
Line 5590: sub-types of primitive types should not have nested members, ignoring unrecognized block "- order".
Line 5620: sub-types of primitive types should not have nested members, ignoring unrecognized block "- INPATIENT".
Line 5620: sub-types of primitive types should not have nested members, ignoring unrecognized block "- OUTPATIENT".
Line 5646: sub-types of primitive types should not have nested members, ignoring unrecognized block "- VALID".
Line 5646: sub-types of primitive types should not have nested members, ignoring unrecognized block "- INVALID".
Line 5668: sub-types of primitive types should not have nested members, ignoring unrecognized block "- service_request".
Line 5668: sub-types of primitive types should not have nested members, ignoring unrecognized block "- medication_request".
Line 5668: sub-types of primitive types should not have nested members, ignoring unrecognized block "- device_request".
Line 5679: sub-types of primitive types should not have nested members, ignoring unrecognized block "- service".
Line 5679: sub-types of primitive types should not have nested members, ignoring unrecognized block "- service_group".
Line 5679: sub-types of primitive types should not have nested members, ignoring unrecognized block "- medication".
Line 5679: sub-types of primitive types should not have nested members, ignoring unrecognized block "- device_definition".
Line 5703: sub-types of primitive types should not have nested members, ignoring unrecognized block "- condition".
Line 5703: sub-types of primitive types should not have nested members, ignoring unrecognized block "- oservation".
Line 5703: sub-types of primitive types should not have nested members, ignoring unrecognized block "- diagnostic_report".
Line 5703: sub-types of primitive types should not have nested members, ignoring unrecognized block "- clinical_impression".
Line 5716: sub-types of primitive types should not have nested members, ignoring unrecognized block "- MEDICATION_UNIT".
Line 5716: sub-types of primitive types should not have nested members, ignoring unrecognized block "- SERVICE_UNIT".
Line 5716: sub-types of primitive types should not have nested members, ignoring unrecognized block "- device_unit".
Line 5738: sub-types of primitive types should not have nested members, ignoring unrecognized block "- MEDICATION_UNIT".
Line 5738: sub-types of primitive types should not have nested members, ignoring unrecognized block "- SERVICE_UNIT".
Line 5738: sub-types of primitive types should not have nested members, ignoring unrecognized block "- device_unit".
Line 5749: sub-types of primitive types should not have nested members, ignoring unrecognized block "- service_request".
Line 5749: sub-types of primitive types should not have nested members, ignoring unrecognized block "- medication_request".
Line 5749: sub-types of primitive types should not have nested members, ignoring unrecognized block "- device_request".
Line 5760: sub-types of primitive types should not have nested members, ignoring unrecognized block "- service".
Line 5760: sub-types of primitive types should not have nested members, ignoring unrecognized block "- service_group".
Line 5760: sub-types of primitive types should not have nested members, ignoring unrecognized block "- medication".
Line 5760: sub-types of primitive types should not have nested members, ignoring unrecognized block "- device_definition".
Line 5784: sub-types of primitive types should not have nested members, ignoring unrecognized block "- condition".
Line 5784: sub-types of primitive types should not have nested members, ignoring unrecognized block "- oservation".
Line 5784: sub-types of primitive types should not have nested members, ignoring unrecognized block "- diagnostic_report".
Line 5784: sub-types of primitive types should not have nested members, ignoring unrecognized block "- clinical_impression".
Line 5797: sub-types of primitive types should not have nested members, ignoring unrecognized block "- MEDICATION_UNIT".
Line 5797: sub-types of primitive types should not have nested members, ignoring unrecognized block "- SERVICE_UNIT".
Line 5797: sub-types of primitive types should not have nested members, ignoring unrecognized block "- device_unit".
Line 5870: sub-types of primitive types should not have nested members, ignoring unrecognized block "- MEDICATION_UNIT".
Line 5870: sub-types of primitive types should not have nested members, ignoring unrecognized block "- SERVICE_UNIT".
Line 5870: sub-types of primitive types should not have nested members, ignoring unrecognized block "- device_unit".
Line 5895: sub-types of primitive types should not have nested members, ignoring unrecognized block "- encounter".
Line 5895: sub-types of primitive types should not have nested members, ignoring unrecognized block "- procedure".
Line 5895: sub-types of primitive types should not have nested members, ignoring unrecognized block "- diagnostic_report".
Line 5895: sub-types of primitive types should not have nested members, ignoring unrecognized block "- medication_dispense".
Line 5895: sub-types of primitive types should not have nested members, ignoring unrecognized block "- device_dispense".
Line 5908: sub-types of primitive types should not have nested members, ignoring unrecognized block "- scheduled".
Line 5908: sub-types of primitive types should not have nested members, ignoring unrecognized block "- in_progress".
Line 5908: sub-types of primitive types should not have nested members, ignoring unrecognized block "- completed".
Line 5908: sub-types of primitive types should not have nested members, ignoring unrecognized block "- cancelled".
Line 5917: sub-types of primitive types should not have nested members, ignoring unrecognized block "- eHealth/care_plan_activity_complete_reasons".
Line 5917: sub-types of primitive types should not have nested members, ignoring unrecognized block "- eHealth/care_plan_activity_cancel_reasons".
Line 5922: sub-types of primitive types should not have nested members, ignoring unrecognized block "- MEDICATION_UNIT".
Line 5922: sub-types of primitive types should not have nested members, ignoring unrecognized block "- SERVICE_UNIT".
Line 5922: sub-types of primitive types should not have nested members, ignoring unrecognized block "- device_unit".
Line 5939: sub-types of primitive types should not have nested members, ignoring unrecognized block "- new".
Line 5939: sub-types of primitive types should not have nested members, ignoring unrecognized block "- active".
Line 5939: sub-types of primitive types should not have nested members, ignoring unrecognized block "- completed".
Line 5939: sub-types of primitive types should not have nested members, ignoring unrecognized block "- cencelled".
Line 5939: sub-types of primitive types should not have nested members, ignoring unrecognized block "- terminated".
Line 5958: sub-types of primitive types should not have nested members, ignoring unrecognized block "- eHealth/care_plan_cancel_reasons".
Line 5958: sub-types of primitive types should not have nested members, ignoring unrecognized block "- eHealth/care_plan_complete_reasons".
Line 5986: sub-types of primitive types should not have nested members, ignoring unrecognized block "- order".
Line 6007: sub-types of primitive types should not have nested members, ignoring unrecognized block "- new".
Line 6007: sub-types of primitive types should not have nested members, ignoring unrecognized block "- active".
Line 6007: sub-types of primitive types should not have nested members, ignoring unrecognized block "- completed".
Line 6007: sub-types of primitive types should not have nested members, ignoring unrecognized block "- cencelled".
Line 6007: sub-types of primitive types should not have nested members, ignoring unrecognized block "- terminated".
Line 6023: sub-types of primitive types should not have nested members, ignoring unrecognized block "- INPATIENT".
Line 6023: sub-types of primitive types should not have nested members, ignoring unrecognized block "- OUTPATIENT".
Line 6374: sub-types of primitive types should not have nested members, ignoring unrecognized block "- condition".
Line 6374: sub-types of primitive types should not have nested members, ignoring unrecognized block "- observation".
Line 6374: sub-types of primitive types should not have nested members, ignoring unrecognized block "- diagnostic_report".
Line 6374: sub-types of primitive types should not have nested members, ignoring unrecognized block "- procedure".
Line 6374: sub-types of primitive types should not have nested members, ignoring unrecognized block "- encounter".
Line 6374: sub-types of primitive types should not have nested members, ignoring unrecognized block "- episode".
Line 6374: sub-types of primitive types should not have nested members, ignoring unrecognized block "- device".
Line 6374: sub-types of primitive types should not have nested members, ignoring unrecognized block "- device_association".
Line 6474: sub-types of primitive types should not have nested members, ignoring unrecognized block "- condition".
Line 6474: sub-types of primitive types should not have nested members, ignoring unrecognized block "- observation".
Line 6474: sub-types of primitive types should not have nested members, ignoring unrecognized block "- diagnostic_report".
Line 6474: sub-types of primitive types should not have nested members, ignoring unrecognized block "- procedure".
Line 6474: sub-types of primitive types should not have nested members, ignoring unrecognized block "- encounter".
Line 6474: sub-types of primitive types should not have nested members, ignoring unrecognized block "- episode".
Line 6474: sub-types of primitive types should not have nested members, ignoring unrecognized block "- device".
Line 6474: sub-types of primitive types should not have nested members, ignoring unrecognized block "- device_association".
Line 6496: sub-types of primitive types should not have nested members, ignoring unrecognized block "- VALID".
Line 6496: sub-types of primitive types should not have nested members, ignoring unrecognized block "- INVALID".
Line 6531: sub-types of primitive types should not have nested members, ignoring unrecognized block "- user_friendly".
Line 6531: sub-types of primitive types should not have nested members, ignoring unrecognized block "- registered".
Line 6531: sub-types of primitive types should not have nested members, ignoring unrecognized block "- patient_reported".
Line 6657: sub-types of primitive types should not have nested members, ignoring unrecognized block "- condition".
Line 6657: sub-types of primitive types should not have nested members, ignoring unrecognized block "- observation".
Line 6657: sub-types of primitive types should not have nested members, ignoring unrecognized block "- diagnostic_report".
Line 6657: sub-types of primitive types should not have nested members, ignoring unrecognized block "- procedure".
Line 6657: sub-types of primitive types should not have nested members, ignoring unrecognized block "- encounter".
Line 6657: sub-types of primitive types should not have nested members, ignoring unrecognized block "- episode".
Line 6657: sub-types of primitive types should not have nested members, ignoring unrecognized block "- device".
Line 6657: sub-types of primitive types should not have nested members, ignoring unrecognized block "- device_association".
Line 6740: sub-types of primitive types should not have nested members, ignoring unrecognized block "- condition".
Line 6740: sub-types of primitive types should not have nested members, ignoring unrecognized block "- observation".
Line 6740: sub-types of primitive types should not have nested members, ignoring unrecognized block "- diagnostic_report".
Line 6740: sub-types of primitive types should not have nested members, ignoring unrecognized block "- procedure".
Line 6740: sub-types of primitive types should not have nested members, ignoring unrecognized block "- encounter".
Line 6740: sub-types of primitive types should not have nested members, ignoring unrecognized block "- episode".
Line 6740: sub-types of primitive types should not have nested members, ignoring unrecognized block "- device".
Line 6740: sub-types of primitive types should not have nested members, ignoring unrecognized block "- device_association".
Line 7002: Type attribute "required" is not allowed for a value of type "object"
Line 7038: Type attribute "required" is not allowed for a value of type "object"
Line 7229: sub-types of primitive types should not have nested members, ignoring unrecognized block "- plan - The request represents an intention to ensure something occurs without providing an authorization for others to act.".
Line 7229: sub-types of primitive types should not have nested members, ignoring unrecognized block "- order - The request represents a request/demand and authorization for action.".
Line 7232: sub-types of primitive types should not have nested members, ignoring unrecognized block "- community - Includes requests for medications to be administered or consumed by the patient in their home".
Line 7275: sub-types of primitive types should not have nested members, ignoring unrecognized block "- plan - The request represents an intention to ensure something occurs without providing an authorization for others to act.".
Line 7275: sub-types of primitive types should not have nested members, ignoring unrecognized block "- order - The request represents a request/demand and authorization for action.".
Line 7278: sub-types of primitive types should not have nested members, ignoring unrecognized block "- community - Includes requests for medications to be administered or consumed by the patient in their home".
Line 7314: sub-types of primitive types should not have nested members, ignoring unrecognized block "- ACTIVE".
Line 7314: sub-types of primitive types should not have nested members, ignoring unrecognized block "- CLOSED".
Line 7324: sub-types of primitive types should not have nested members, ignoring unrecognized block "- plan - The request represents an intention to ensure something occurs without providing an authorization for others to act.".
Line 7324: sub-types of primitive types should not have nested members, ignoring unrecognized block "- order - The request represents a request/demand and authorization for action.".
Line 7356: sub-types of primitive types should not have nested members, ignoring unrecognized block "- plan - The request represents an intention to ensure something occurs without providing an authorization for others to act.".
Line 7356: sub-types of primitive types should not have nested members, ignoring unrecognized block "- order - The request represents a request/demand and authorization for action.".
Line 7359: sub-types of primitive types should not have nested members, ignoring unrecognized block "- community - Includes requests for medications to be administered or consumed by the patient in their home".
Line 7397: sub-types of primitive types should not have nested members, ignoring unrecognized block "- plan - The request represents an intention to ensure something occurs without providing an authorization for others to act.".
Line 7397: sub-types of primitive types should not have nested members, ignoring unrecognized block "- order - The request represents a request/demand and authorization for action.".
Line 7400: sub-types of primitive types should not have nested members, ignoring unrecognized block "- community - Includes requests for medications to be administered or consumed by the patient in their home".
Line 7433: Enum element "gender" should include members.
Line 7441: sub-types of primitive types should not have nested members, ignoring unrecognized block "- email".
Line 7441: sub-types of primitive types should not have nested members, ignoring unrecognized block "- phone".
Line 7453: Enum element "gender" should include members.
Line 7461: sub-types of primitive types should not have nested members, ignoring unrecognized block "- email".
Line 7461: sub-types of primitive types should not have nested members, ignoring unrecognized block "- phone".
Line 7474: Enum element "gender" should include members.
Line 7481: sub-types of primitive types should not have nested members, ignoring unrecognized block "- email".
Line 7481: sub-types of primitive types should not have nested members, ignoring unrecognized block "- phone".
Line 7487: sub-types of primitive types should not have nested members, ignoring unrecognized block "- PRIMARY".
Line 7487: sub-types of primitive types should not have nested members, ignoring unrecognized block "- SECONDARY".
Line 7496: Enum element "gender" should include members.
Line 7501: sub-types of primitive types should not have nested members, ignoring unrecognized block "- email".
Line 7501: sub-types of primitive types should not have nested members, ignoring unrecognized block "- phone".
Line 7509: sub-types of primitive types should not have nested members, ignoring unrecognized block "- PRIMARY".
Line 7509: sub-types of primitive types should not have nested members, ignoring unrecognized block "- SECONDARY".
Line 7518: Enum element "gender" should include members.
Line 7522: sub-types of primitive types should not have nested members, ignoring unrecognized block "- email".
Line 7522: sub-types of primitive types should not have nested members, ignoring unrecognized block "- phone".
Line 7532: sub-types of primitive types should not have nested members, ignoring unrecognized block "- PRIMARY".
Line 7532: sub-types of primitive types should not have nested members, ignoring unrecognized block "- SECONDARY".
Line 7542: Enum element "gender" should include members.
Line 7546: sub-types of primitive types should not have nested members, ignoring unrecognized block "- email".
Line 7546: sub-types of primitive types should not have nested members, ignoring unrecognized block "- phone".
Line 7571: Enum element "gender" should include members.
Line 7661: sub-types of primitive types should not have nested members, ignoring unrecognized block "- FEMALE".
Line 7661: sub-types of primitive types should not have nested members, ignoring unrecognized block "- MALE".
Line 7675: sub-types of primitive types should not have nested members, ignoring unrecognized block "- FEMALE".
Line 7675: sub-types of primitive types should not have nested members, ignoring unrecognized block "- MALE".
Line 7687: sub-types of primitive types should not have nested members, ignoring unrecognized block "- OTP".
Line 7687: sub-types of primitive types should not have nested members, ignoring unrecognized block "- OFFLINE".
Line 7687: sub-types of primitive types should not have nested members, ignoring unrecognized block "- NA".
Line 7694: sub-types of primitive types should not have nested members, ignoring unrecognized block "- OTP".
Line 7694: sub-types of primitive types should not have nested members, ignoring unrecognized block "- OFFLINE".
Line 7701: sub-types of primitive types should not have nested members, ignoring unrecognized block "- THIRD_PERSON".
Line 7701: sub-types of primitive types should not have nested members, ignoring unrecognized block "- OTP".
Line 7701: sub-types of primitive types should not have nested members, ignoring unrecognized block "- OFFLINE".
Line 7701: sub-types of primitive types should not have nested members, ignoring unrecognized block "- NA".
Line 7713: sub-types of primitive types should not have nested members, ignoring unrecognized block "- OTP".
Line 7713: sub-types of primitive types should not have nested members, ignoring unrecognized block "- OFFLINE".
Line 7713: sub-types of primitive types should not have nested members, ignoring unrecognized block "- NA".
Line 7722: sub-types of primitive types should not have nested members, ignoring unrecognized block "- OTP".
Line 7722: sub-types of primitive types should not have nested members, ignoring unrecognized block "- OFFLINE".
Line 7728: sub-types of primitive types should not have nested members, ignoring unrecognized block "- OTP".
Line 7728: sub-types of primitive types should not have nested members, ignoring unrecognized block "- THIRD_PERSON".
Line 7728: sub-types of primitive types should not have nested members, ignoring unrecognized block "- OFFLINE".
Line 7728: sub-types of primitive types should not have nested members, ignoring unrecognized block "- NA".
Line 7739: sub-types of primitive types should not have nested members, ignoring unrecognized block "- THIRD_PERSON".
Line 7750: Enum element "gender" should include members.
Line 7770: sub-types of primitive types should not have nested members, ignoring unrecognized block "- OTP".
Line 7824: sub-types of primitive types should not have nested members, ignoring unrecognized block "- active".
Line 7824: sub-types of primitive types should not have nested members, ignoring unrecognized block "- terminated".
Line 7966: sub-types of primitive types should not have nested members, ignoring unrecognized block "- family_doctor".
Line 7971: sub-types of primitive types should not have nested members, ignoring unrecognized block "- active".
Line 7971: sub-types of primitive types should not have nested members, ignoring unrecognized block "- closed".
Line 7976: sub-types of primitive types should not have nested members, ignoring unrecognized block "- active".
Line 7976: sub-types of primitive types should not have nested members, ignoring unrecognized block "- closed".
Line 7994: sub-types of primitive types should not have nested members, ignoring unrecognized block "- family_doctor".
Line 8007: Enum element "gender" should include members.
Line 8021: sub-types of primitive types should not have nested members, ignoring unrecognized block "- email".
Line 8021: sub-types of primitive types should not have nested members, ignoring unrecognized block "- phone".
Line 8033: sub-types of primitive types should not have nested members, ignoring unrecognized block "- family_doctor".
Line 8043: sub-types of primitive types should not have nested members, ignoring unrecognized block "- family doctor".
Line 8060: sub-types of primitive types should not have nested members, ignoring unrecognized block "- family doctor".
Line 8075: sub-types of primitive types should not have nested members, ignoring unrecognized block "- family doctor".
Line 8096: sub-types of primitive types should not have nested members, ignoring unrecognized block "- active".
Line 8096: sub-types of primitive types should not have nested members, ignoring unrecognized block "- pending_verification".
Line 8096: sub-types of primitive types should not have nested members, ignoring unrecognized block "- terminated".
Line 8109: sub-types of primitive types should not have nested members, ignoring unrecognized block "- NEW".
Line 8109: sub-types of primitive types should not have nested members, ignoring unrecognized block "- APPROVED".
Line 8109: sub-types of primitive types should not have nested members, ignoring unrecognized block "- SIGNED".
Line 8109: sub-types of primitive types should not have nested members, ignoring unrecognized block "- REJECTED".
Line 8109: sub-types of primitive types should not have nested members, ignoring unrecognized block "- CANCELLED".
Line 8116: sub-types of primitive types should not have nested members, ignoring unrecognized block "- MIS".
Line 8116: sub-types of primitive types should not have nested members, ignoring unrecognized block "- PIS".
Line 8116: sub-types of primitive types should not have nested members, ignoring unrecognized block "- CABINET".
Line 8134: sub-types of primitive types should not have nested members, ignoring unrecognized block "- active".
Line 8134: sub-types of primitive types should not have nested members, ignoring unrecognized block "- pending_verification".
Line 8134: sub-types of primitive types should not have nested members, ignoring unrecognized block "- terminated".
Line 8138: sub-types of primitive types should not have nested members, ignoring unrecognized block "- family doctor".
Line 8155: sub-types of primitive types should not have nested members, ignoring unrecognized block "- active".
Line 8155: sub-types of primitive types should not have nested members, ignoring unrecognized block "- pending_verification".
Line 8155: sub-types of primitive types should not have nested members, ignoring unrecognized block "- terminated".
Line 8179: sub-types of primitive types should not have nested members, ignoring unrecognized block "- active".
Line 8179: sub-types of primitive types should not have nested members, ignoring unrecognized block "- pending_verification".
Line 8179: sub-types of primitive types should not have nested members, ignoring unrecognized block "- terminated".
Line 8183: sub-types of primitive types should not have nested members, ignoring unrecognized block "- family_doctor".
Line 8203: sub-types of primitive types should not have nested members, ignoring unrecognized block "- active".
Line 8203: sub-types of primitive types should not have nested members, ignoring unrecognized block "- pending_verification".
Line 8203: sub-types of primitive types should not have nested members, ignoring unrecognized block "- terminated".
Line 8207: sub-types of primitive types should not have nested members, ignoring unrecognized block "- family_doctor".
Line 8227: sub-types of primitive types should not have nested members, ignoring unrecognized block "- new".
Line 8227: sub-types of primitive types should not have nested members, ignoring unrecognized block "- approved".
Line 8227: sub-types of primitive types should not have nested members, ignoring unrecognized block "- signed".
Line 8227: sub-types of primitive types should not have nested members, ignoring unrecognized block "- expired".
Line 8232: sub-types of primitive types should not have nested members, ignoring unrecognized block "- family_doctor".
Line 8244: sub-types of primitive types should not have nested members, ignoring unrecognized block "- active".
Line 8244: sub-types of primitive types should not have nested members, ignoring unrecognized block "- pending_verification".
Line 8244: sub-types of primitive types should not have nested members, ignoring unrecognized block "- terminated".
Line 8257: sub-types of primitive types should not have nested members, ignoring unrecognized block "- new".
Line 8257: sub-types of primitive types should not have nested members, ignoring unrecognized block "- approved".
Line 8257: sub-types of primitive types should not have nested members, ignoring unrecognized block "- signed".
Line 8257: sub-types of primitive types should not have nested members, ignoring unrecognized block "- expired".
Line 8277: sub-types of primitive types should not have nested members, ignoring unrecognized block "- family doctor".
Line 8312: Enum element "gender" should include members.
Line 8340: Enum element "gender" should include members.
Line 8368: Enum element "gender" should include members.
Line 8396: Enum element "gender" should include members.
Line 8428: sub-types of primitive types should not have nested members, ignoring unrecognized block "- NEW".
Line 8428: sub-types of primitive types should not have nested members, ignoring unrecognized block "- APPROVED".
Line 8428: sub-types of primitive types should not have nested members, ignoring unrecognized block "- SIGNED".
Line 8428: sub-types of primitive types should not have nested members, ignoring unrecognized block "- REJECTED".
Line 8428: sub-types of primitive types should not have nested members, ignoring unrecognized block "- CANCELLED".
Line 8447: Enum element "gender" should include members.
Line 8463: sub-types of primitive types should not have nested members, ignoring unrecognized block "- OTP".
Line 8463: sub-types of primitive types should not have nested members, ignoring unrecognized block "- OFFLINE".
Line 8471: sub-types of primitive types should not have nested members, ignoring unrecognized block "- email".
Line 8471: sub-types of primitive types should not have nested members, ignoring unrecognized block "- phone".
Line 8482: Enum element "gender" should include members.
Line 8502: sub-types of primitive types should not have nested members, ignoring unrecognized block "- email".
Line 8502: sub-types of primitive types should not have nested members, ignoring unrecognized block "- phone".
Line 8506: Ignoring unrecognized block "##2FA".
Line 8564: Enum element "gender" should include members.
Line 8572: sub-types of primitive types should not have nested members, ignoring unrecognized block "- email".
Line 8572: sub-types of primitive types should not have nested members, ignoring unrecognized block "- phone".
Line 8631: sub-types of primitive types should not have nested members, ignoring unrecognized block "- user_friendly".
Line 8631: sub-types of primitive types should not have nested members, ignoring unrecognized block "- registered".
Line 8631: sub-types of primitive types should not have nested members, ignoring unrecognized block "- patient_reported".
Line 8649: sub-types of primitive types should not have nested members, ignoring unrecognized block "- ACTIVE".
Line 8649: sub-types of primitive types should not have nested members, ignoring unrecognized block "- INACTIVE".
Line 8972: sub-types of primitive types should not have nested members, ignoring unrecognized block "- CAPITATION".
Line 8972: sub-types of primitive types should not have nested members, ignoring unrecognized block "- REIMBURSEMENT".
Line 9268: sub-types of primitive types should not have nested members, ignoring unrecognized block "- object (string) - data attribute is a JSON object.".
Line 9268: sub-types of primitive types should not have nested members, ignoring unrecognized block "- list (string) - data attribute is a list.".
Line 9322: sub-types of primitive types should not have nested members, ignoring unrecognized block "- ACTIVE".
Line 9322: sub-types of primitive types should not have nested members, ignoring unrecognized block "- INACTIVE".
Line 9338: sub-types of primitive types should not have nested members, ignoring unrecognized block "- active".
Line 9338: sub-types of primitive types should not have nested members, ignoring unrecognized block "- closed".
Line 9338: sub-types of primitive types should not have nested members, ignoring unrecognized block "- terminated".
Line 9390: sub-types of primitive types should not have nested members, ignoring unrecognized block "- terminated".
Line 9390: sub-types of primitive types should not have nested members, ignoring unrecognized block "- pending_verification".
Line 9390: sub-types of primitive types should not have nested members, ignoring unrecognized block "- active".
Line 9394: sub-types of primitive types should not have nested members, ignoring unrecognized block "- family_doctor".
Line 9410: Enum element "gender" should include members.
Line 9418: sub-types of primitive types should not have nested members, ignoring unrecognized block "- email".
Line 9418: sub-types of primitive types should not have nested members, ignoring unrecognized block "- phone".
Line 9440: sub-types of primitive types should not have nested members, ignoring unrecognized block "- terminated".
Line 9440: sub-types of primitive types should not have nested members, ignoring unrecognized block "- pending_verification".
Line 9440: sub-types of primitive types should not have nested members, ignoring unrecognized block "- active".
Line 9444: sub-types of primitive types should not have nested members, ignoring unrecognized block "- family_doctor".
Line 9458: sub-types of primitive types should not have nested members, ignoring unrecognized block "- active".
Line 9458: sub-types of primitive types should not have nested members, ignoring unrecognized block "- pending_verification".
Line 9458: sub-types of primitive types should not have nested members, ignoring unrecognized block "- terminated".
Line 9485: sub-types of primitive types should not have nested members, ignoring unrecognized block "- NEW".
Line 9485: sub-types of primitive types should not have nested members, ignoring unrecognized block "- CANCELED".
Line 9485: sub-types of primitive types should not have nested members, ignoring unrecognized block "- VERIFIED".
Line 9485: sub-types of primitive types should not have nested members, ignoring unrecognized block "- UNVERIFIED".
Line 9500: sub-types of primitive types should not have nested members, ignoring unrecognized block "- new".
Line 9500: sub-types of primitive types should not have nested members, ignoring unrecognized block "- approved".
Line 9500: sub-types of primitive types should not have nested members, ignoring unrecognized block "- signed".
Line 9500: sub-types of primitive types should not have nested members, ignoring unrecognized block "- expired".
Line 9500: sub-types of primitive types should not have nested members, ignoring unrecognized block "- rejected".
Line 9500: sub-types of primitive types should not have nested members, ignoring unrecognized block "- cancelled".
Line 9515: sub-types of primitive types should not have nested members, ignoring unrecognized block "- CLINIC".
Line 9515: sub-types of primitive types should not have nested members, ignoring unrecognized block "- AMBULANT_CLINIC".
Line 9515: sub-types of primitive types should not have nested members, ignoring unrecognized block "- FAP".
Line 9519: sub-types of primitive types should not have nested members, ignoring unrecognized block "- ACTIVE".
Line 9519: sub-types of primitive types should not have nested members, ignoring unrecognized block "- INACTIVE".
Line 9592: Enum element "gender" should include members.
Line 9608: sub-types of primitive types should not have nested members, ignoring unrecognized block "- OTP".
Line 9608: sub-types of primitive types should not have nested members, ignoring unrecognized block "- OFFLINE".
Line 9616: sub-types of primitive types should not have nested members, ignoring unrecognized block "- email".
Line 9616: sub-types of primitive types should not have nested members, ignoring unrecognized block "- phone".
Line 9621: sub-types of primitive types should not have nested members, ignoring unrecognized block "- PRIMARY".
Line 9621: sub-types of primitive types should not have nested members, ignoring unrecognized block "- SECONDARY".
Line 9630: Enum element "gender" should include members.
Line 9634: sub-types of primitive types should not have nested members, ignoring unrecognized block "- email".
Line 9634: sub-types of primitive types should not have nested members, ignoring unrecognized block "- phone".
Line 9652: sub-types of primitive types should not have nested members, ignoring unrecognized block "- family doctor".
Line 9898: sub-types of primitive types should not have nested members, ignoring unrecognized block "- VALID".
Line 9898: sub-types of primitive types should not have nested members, ignoring unrecognized block "- INVALID".
Line 9969: sub-types of primitive types should not have nested members, ignoring unrecognized block "- episode_of_care".
Line 9969: sub-types of primitive types should not have nested members, ignoring unrecognized block "- condition".
Line 9969: sub-types of primitive types should not have nested members, ignoring unrecognized block "- observation".
Line 9969: sub-types of primitive types should not have nested members, ignoring unrecognized block "- diagnostic report".
Line 9969: sub-types of primitive types should not have nested members, ignoring unrecognized block "- device request".
Line 10096: sub-types of primitive types should not have nested members, ignoring unrecognized block "- episode_of_care".
Line 10096: sub-types of primitive types should not have nested members, ignoring unrecognized block "- condition".
Line 10096: sub-types of primitive types should not have nested members, ignoring unrecognized block "- observation".
Line 10096: sub-types of primitive types should not have nested members, ignoring unrecognized block "- diagnostic report".
Line 10096: sub-types of primitive types should not have nested members, ignoring unrecognized block "- device request".
Line 10425: Action "POST /oauth/tokens" already defined.
Line 10504: Ignoring unrecognized block "## User Role".
Line 10506: Ignoring unrecognized block "## User Black List".
Line 10574: Action is missing parameter definitions: id.
Line 10648: Action "PATCH /api/clients/{id}/connections/{connection_id}/actions/refresh_secret" already defined.
Line 10773: Action "GET /api/v2/dictionaries" already defined.
Line 10885: Ignoring unrecognized block "## System Configuration".
Line 11295: Ignoring unrecognized block "## Medical Program Participant".
Line 11297: Ignoring unrecognized block "## Service".
Line 11299: Ignoring unrecognized block "## Medication".
Line 11301: Ignoring unrecognized block "## Device Definition".
Line 11303: Ignoring unrecognized block "## Forbidden Group".
Line 11340: Ignoring unrecognized block "## Rule Engine Rule".
Line 11342: Ignoring unrecognized block "## System Global Parameters".
Line 12024: Action is missing parameter definitions: contract_type.
Line 12066: Action is missing parameter definitions: contract_type.
Line 12066: Action "GET /api/contracts/{contract_type}/" already defined.
Line 12098: Action is missing parameter definitions: contract_type.
Line 12148: Action is missing parameter definitions: contract_type, id.
Line 12333: Action is missing parameter definitions: contract_type.
Line 12366: Action is missing parameter definitions: contract_type.
Line 12366: Action "GET /api/contract_requests/{contract_type}/" already defined.
Line 12410: Action is missing parameter definitions: contract_type.
Line 12444: Action is missing parameter definitions: contract_type.
Line 12480: Action is missing parameter definitions: contract_type.
Line 12536: Ignoring unrecognized block "+ Attributes object + signed_content: MIIU2wYJKoZIhvcNAQcCoIIUzDCCFMgCAQExDjAMBgoqhiQCAQEBAQIBMIIG+QYJKoZIhvcNAQcBoIIG6gSCBuZ7CiAgICAiaWQiOiAiMDkxMDZiNzAtMThiMC00NzI2LWIwZWQtNmJkYTEzNjlmZDUyIiwKICAgICJjb250cmFjdG9yX293bmVyX2lkIjogImRmOWY3MGVlLTRiMTItNDc0MC1iMGY1LWJiNWFlYTExNjg2MyIsCiAgICAiY29udHJhY3Rvcl9iYXNlIjogItC90LAg0L/RltC00YHRgtCw0LLRliDQt9Cw0LrQvtC90YMg0L/RgNC+INCc0LXQtNC40YfQvdC1INC+0LHRgdC70YPQs9C+0LLRg9Cy0LDQvdC90Y8g0L3QsNGB0LXQu9C10L3QvdGPIiwKICAgICJjb250cmFjdG9yX3BheW1lbnRfZGV0YWlscyI6IHsKICAgICAgImJhbmtfbmFtZSI6ICLQkdCw0L3QuiDQvdC+0LzQtdGAIDEiLAogICAgICAiTUZPIjogIjM1MTAwNSIsCiAgICAgICJwYXllcl9hY2NvdW50IjogIjMyMDA5MTAyNzAxMDI2IgogICAgfSwKICAgICJjb250cmFjdG9yX3Jtc3BfYW1vdW50IjogNTAwMDAsCiAgICAiZXh0ZXJuYWxfY29udHJhY3Rvcl9mbGFnIjogdHJ1ZSwKICAgICJleHRlcm5hbF9jb250cmFjdG9ycyI6IHsKICAgICAgImxlZ2FsX2VudGl0eV9pZCI6ICIyOTIyYTI0MC02M2RiLTQwNGUtYjczMC0wOTIyMmJmZWIyZGQiLAogICAgICAiY29udHJhY3QiOiB7CiAgICAgICAgIm51bWJlciI6ICIxMjM0NTY3IiwKICAgICAgICAiaXNzdWVkX2F0IjogIjIwMTgtMDEtMDEiLAogICAgICAgICJleHBpcmVzX2F0IjogIjIwMTktMDEtMDEiCiAgICAgIH0sCiAgICAgICJkaXZpc2lvbnMiOiBbCiAgICAgICAgewogICAgICAgICAgImlkIjogIjI5MjJhMjQwLTYzZGItNDA0ZS1iNzMwLTA5MjIyYmZlYjJkZCIsCiAgICAgICAgICAibWVkaWNhbF9zZXJ2aWNlIjogItCf0L7RgdC70YPQs9CwINCf0JzQlCIKICAgICAgICB9CiAgICAgIF0KICAgIH0sCiAgICAiY29udHJhY3Rvcl9lbXBsb3llZV9kaXZpc2lvbnMiOiBbCiAgICAgIHsKICAgICAgICAiZW1wbG95ZWVfaWQiOiAiMjkyMmEyNDAtNjNkYi00MDRlLWI3MzAtMDkyMjJiZmViMmRkIiwKICAgICAgICAic3RhZmZfdW5pdHMiOiAwLjUsCiAgICAgICAgImRlY2xhcmF0aW9uX2xpbWl0IjogMjAwMCwKICAgICAgICAiZGl2aXNpb25faWQiOiAiMjkyMmEyNDAtNjNkYi00MDRlLWI3MzAtMDkyMjJiZmViMmRkIgogICAgICB9CiAgICBdLAogICAgImlkX2Zvcm0iOiAiNSIsCiAgICAibmhzX3NpZ25lcl9iYXNlIjogItC90LAg0L/RltC00YHRgtCw0LLRliDQvdCw0LrQsNC30YMiLAogICAgIm5oc19jb250cmFjdF9wcmljZSI6IDUwMDAwLAogICAgIm5oc19wYXltZW50X21ldGhvZCI6ICJwcmVwYXltZW50IiwKICAgICJpc3N1ZV9jaXR5IjogItCa0LjRl9CyIiwKICAgICJzdGF0dXMiOiAiTkVXIiwKICAgICJzdGF0dXNfcmVhc29uIjogItCd0LUg0LLRltC00L/QvtCy0ZbQtNCw0ZQg0L/QvtC/0LXRgNC10LTQvdGW0Lwg0LTQvtC80L7QstC70LXQvdC+0YHRgtGP0LwiLAogICAgIm5oc19zaWduZXJfaWQiOiAiZGY5ZjcwZWUtNGIxMi00NzQwLWIwZjUtYmI1YWVhMTE2ODYzIiwKICAgICJuaHNfbGVnYWxfZW50aXR5X2lkIjogImRmOWY3MGVlLTRiMTItNDc0MC1iMGY1LWJiNWFlYTExNjg2MyIsCiAgICAiY29udHJhY3RfbnVtYmVyIjogIjAwMDAtOUVBWC1YVDdYLTMxMTUiLAogICAgImNvbnRyYWN0X2lkIjogImRmOWY3MGVlLTRiMTItNDc0MC1iMGY1LWJiNWFlYTExNjg2MyIsCiAgICAic3RhcnRfZGF0ZSI6ICIyMDE3LTA0LTIwIiwKICAgICJlbmRfZGF0ZSI6ICIyMDE3LTA0LTIwIiwKICAgICJwcmludG91dF9jb250ZW50IjogIkNvbnRyYWN0IHJlcXVlc3QgY29udGVudCIKICB9CqCCBbkwggW1MIIFXaADAgECAhQNhO2hu5OB6AQAAABetCIAv7N0ADANBgsqhiQCAQEBAQMBATCCAUIxfDB6BgNVBAoMc9Cf0KPQkdCb0IbQp9Cd0JUg0JDQmtCm0IbQntCd0JXQoNCd0JUg0KLQntCS0JDQoNCY0KHQotCS0J4g0JrQntCc0JXQoNCm0IbQmdCd0JjQmSDQkdCQ0J3QmiDCq9Cf0KDQmNCS0JDQotCR0JDQndCawrsxETAPBgNVBAsMCNCQ0KbQodCaMTYwNAYDVQQDDC3QkNCm0KHQmiDQn9CQ0KIg0JrQkSDCq9Cf0KDQmNCS0JDQotCR0JDQndCawrsxFjAUBgNVBAUMDVVBLTE0MzYwNTcwLTExCzAJBgNVBAYTAlVBMScwJQYDVQQHDB7QlNC90ZbQv9GA0L7Qv9C10YLRgNC+0LLRgdGM0LoxKTAnBgNVBAgMINCU0L3RltC/0YDQvtC/0LXRgtGA0L7QstGB0YzQutCwMB4XDTE4MDEyMzE0NTMzNFoXDTE5MDEyMzIxNTk1OVowggETMSIwIAYDVQQKDBnQpNCG0JfQmNCn0J3QkCDQntCh0J7QkdCQMTkwNwYDVQQDDDDQn9CY0KDQntCT0J7QkiDQhNCS0JPQldCdINCS0JDQm9CV0KDQhtCZ0J7QktCY0KcxFzAVBgNVBAQMDtCf0JjQoNCe0JPQntCSMSowKAYDVQQqDCHQhNCS0JPQldCdINCS0JDQm9CV0KDQhtCZ0J7QktCY0KcxEDAOBgNVBAUMBzIyNzQzOTgxCzAJBgNVBAYTAlVBMScwJQYDVQQHDB7QnC4g0JrQoNCe0J/QmNCS0J3QmNCm0KzQmtCY0JkxJTAjBgNVBAgMHNCa0IbQoNCe0JLQntCT0KDQkNCU0KHQrNCa0JAwRjAeBgsqhiQCAQEBAQMBATAPBg0qhiQCAQEBAQMBAQIGAyQABCGNGaguWpXdyBk172CZxkuWynHt6GAUImGZI9ZFJp6oMAGjggJqMIICZjApBgNVHQ4EIgQgztjUwYvcULAWp/FyOQUBNpFx9HsyWh9lgiY21nLzYEkwKwYDVR0jBCQwIoAgjYTtobuTgejDEZCorJKFP8TYx4TGSgG4NxFX2F0YVVcwLwYDVR0QBCgwJqARGA8yMDE4MDEyMzE0NTMzNFqhERgPMjAxOTAxMjMyMTU5NTlaMA4GA1UdDwEB/wQEAwIGwDAZBgNVHSABAf8EDzANMAsGCSqGJAIBAQECAjAMBgNVHRMBAf8EAjAAMB4GCCsGAQUFBwEDAQH/BA8wDTALBgkqhiQCAQEBAgEwOAYDVR0fBDEwLzAtoCugKYYnaHR0cDovL2Fjc2sucHJpdmF0YmFuay51YS9jcmwvUEItUzkuY3JsMEMGA1UdLgQ8MDowOKA2oDSGMmh0dHA6Ly9hY3NrLnByaXZhdGJhbmsudWEvY3JsZGVsdGEvUEItRGVsdGEtUzkuY3JsMIGUBggrBgEFBQcBAQSBhzCBhDA0BggrBgEFBQcwAYYoaHR0cDovL2Fjc2sucHJpdmF0YmFuay51YS9zZXJ2aWNlcy9vY3NwLzBMBggrBgEFBQcwAoZAaHR0cDovL2Fjc2sucHJpdmF0YmFuay51YS9kb3dubG9hZC9jZXJ0aWZpY2F0ZXMvY2VydGlmaWNhdGVzLnA3YjBDBggrBgEFBQcBCwQ3MDUwMwYIKwYBBQUHMAOGJ2h0dHA6Ly9hY3NrLnByaXZhdGJhbmsudWEvc2VydmljZXMvdHNwLzAnBgNVHQkEIDAeMBwGDCqGJAIBAQELAQQBATEMEwozMjI4NTEyNTk3MA0GCyqGJAIBAQEBAwEBA0MABEDV3X/RhIP0TLUcuXc1cIKv01Z1mOPnNhodBM1sVKyxJji/HjkgYpt48+Eew05fWwuFs9LytruxRJ16E7mL7G1PMYIH9zCCB/MCAQEwggFcMIIBQjF8MHoGA1UECgxz0J/Qo9CR0JvQhtCn0J3QlSDQkNCa0KbQhtCe0J3QldCg0J3QlSDQotCe0JLQkNCg0JjQodCi0JLQniDQmtCe0JzQldCg0KbQhtCZ0J3QmNCZINCR0JDQndCaIMKr0J/QoNCY0JLQkNCi0JHQkNCd0JrCuzERMA8GA1UECwwI0JDQptCh0JoxNjA0BgNVBAMMLdCQ0KbQodCaINCf0JDQoiDQmtCRIMKr0J/QoNCY0JLQkNCi0JHQkNCd0JrCuzEWMBQGA1UEBQwNVUEtMTQzNjA1NzAtMTELMAkGA1UEBhMCVUExJzAlBgNVBAcMHtCU0L3RltC/0YDQvtC/0LXRgtGA0L7QstGB0YzQujEpMCcGA1UECAwg0JTQvdGW0L/RgNC+0L/QtdGC0YDQvtCy0YHRjNC60LACFA2E7aG7k4HoBAAAAF60IgC/s3QAMAwGCiqGJAIBAQEBAgGgggYtMBgGCSqGSIb3DQEJAzELBgkqhkiG9w0BBwEwHAYJKoZIhvcNAQkFMQ8XDTE4MDQyMzExMTY1MlowLwYJKoZIhvcNAQkEMSIEIMAdYVO8e/4E9usncxHy/CN128dFo878R/guITulNEtLMIIBtQYLKoZIhvcNAQkQAi8xggGkMIIBoDCCAZwwggGYMAwGCiqGJAIBAQEBAgEEIA7ygmjZ8tufBvOKqZW++z4W7TJu9MmyYGLG7gQ/RMCOMIIBZDCCAUqkggFGMIIBQjF8MHoGA1UECgxz0J/Qo9CR0JvQhtCn0J3QlSDQkNCa0KbQhtCe0J3QldCg0J3QlSDQotCe0JLQkNCg0JjQodCi0JLQniDQmtCe0JzQldCg0KbQhtCZ0J3QmNCZINCR0JDQndCaIMKr0J/QoNCY0JLQkNCi0JHQkNCd0JrCuzERMA8GA1UECwwI0JDQptCh0JoxNjA0BgNVBAMMLdCQ0KbQodCaINCf0JDQoiDQmtCRIMKr0J/QoNCY0JLQkNCi0JHQkNCd0JrCuzEWMBQGA1UEBQwNVUEtMTQzNjA1NzAtMTELMAkGA1UEBhMCVUExJzAlBgNVBAcMHtCU0L3RltC/0YDQvtC/0LXRgtGA0L7QstGB0YzQujEpMCcGA1UECAwg0JTQvdGW0L/RgNC+0L/QtdGC0YDQvtCy0YHRjNC60LACFA2E7aG7k4HoBAAAAF60IgC/s3QAMIIEBwYLKoZIhvcNAQkQAhQxggP2MIID8gYJKoZIhvcNAQcCoIID4zCCA98CAQMxDjAMBgoqhiQCAQEBAQIBMGsGCyqGSIb3DQEJEAEEoFwEWjBYAgEBBgoqhiQCAQEBAgMBMDAwDAYKKoYkAgEBAQECAQQgwB1hU7x7/gT26ydzEfL8I3Xbx0WjzvxH+C4hO6U0S0sCBA7BQYgYDzIwMTgwNDIzMTExNzI1WjGCA1swggNXAgEBMIIBEzCB+jE/MD0GA1UECgw20JzRltC90ZbRgdGC0LXRgNGB0YLQstC+INGO0YHRgtC40YbRltGXINCj0LrRgNCw0ZfQvdC4MTEwLwYDVQQLDCjQkNC00LzRltC90ZbRgdGC0YDQsNGC0L7RgCDQhtCi0KEg0KbQl9CeMUkwRwYDVQQDDEDQptC10L3RgtGA0LDQu9GM0L3QuNC5INC30LDRgdCy0ZbQtNGH0YPQstCw0LvRjNC90LjQuSDQvtGA0LPQsNC9MRkwFwYDVQQFDBBVQS0wMDAxNTYyMi0yMDEyMQswCQYDVQQGEwJVQTERMA8GA1UEBwwI0JrQuNGX0LICFDAEdR3vLHiuAgAAAAEAAABKAAAAMAwGCiqGJAIBAQEBAgGgggHaMBoGCSqGSIb3DQEJAzENBgsqhkiG9w0BCRABBDAcBgkqhkiG9w0BCQUxDxcNMTgwNDIzMTExNzI1WjAvBgkqhkiG9w0BCQQxIgQgCJtCNs3qiVo9TGE/mRMPNzCm/+JJKMtYsovNFgQLyPAwggFrBgsqhkiG9w0BCRACLzGCAVowggFWMIIBUjCCAU4wDAYKKoYkAgEBAQECAQQg2Q2mtkhTwy2/l7j25VzNasV5UgPimES648nWVhtnvOowggEaMIIBAKSB/TCB+jE/MD0GA1UECgw20JzRltC90ZbRgdGC0LXRgNGB0YLQstC+INGO0YHRgtC40YbRltGXINCj0LrRgNCw0ZfQvdC4MTEwLwYDVQQLDCjQkNC00LzRltC90ZbRgdGC0YDQsNGC0L7RgCDQhtCi0KEg0KbQl9CeMUkwRwYDVQQDDEDQptC10L3RgtGA0LDQu9GM0L3QuNC5INC30LDRgdCy0ZbQtNGH0YPQstCw0LvRjNC90LjQuSDQvtGA0LPQsNC9MRkwFwYDVQQFDBBVQS0wMDAxNTYyMi0yMDEyMQswCQYDVQQGEwJVQTERMA8GA1UEBwwI0JrQuNGX0LICFDAEdR3vLHiuAgAAAAEAAABKAAAAMA0GCyqGJAIBAQEBAwEBBEDE0LghB5AMretfTrP7pmjj0cylQFjujnRSeUBFXCcvPDF+6IWQ5lhhvgxVNsUFPVfd4TKdcBxe3NQa90gvYxRAMA0GCyqGJAIBAQEBAwEBBED0SMMU1AsD2jQYZw8yVJMcrgpsVIhaPx+v7qWaNo5KRc8F/v8xoDQAmts/LmvybnwRuAOOiKPw4MwZEG2KIoNO(string, required) + signed_content_encoding: base64 (string)".
Line 12506: Action is missing parameter definitions: contract_type.
Line 12566: Action is missing parameter definitions: verification_status.
Line 12948: Action "GET /api/employee_roles/" already defined.
Line 13104: Ignoring unrecognized block "+ Attributes object + verification_code: 6598 (number) - required if authentication_method is OTP".
Line 13179: Ignoring unrecognized block "This method will be deprecated. Use **Reject Person Request v2**.".
Line 13181: Ignoring unrecognized block "Use this method to reject previously created Person Request.".
Line 13183: Ignoring unrecognized block "More detailed information - https://e-health-ua.atlassian.net/wiki/x/MYDAIw".
Line 13252: Ignoring unrecognized block "+ Attributes object + signed_content: ewogICJzdGF0dXMiOiAiQVBQUk9WRUQiLAogICJpZCI6ICJlZWViYjg2ZC01Y2JhLTQzYzktODg1Yi02NDgyZWNhZjgyNmIiLAogICJwZXJzb24iOiB7CiAgICAiaWQiOiAiMTMwMDFjNjAtNDVhMC00YjVhLWI0MjUtOTUwNWUxZGUxOGJkIiwKICAgICJmaXJzdF9uYW1lIjogItCf0LXRgtGA0L4iLAogICAgImxhc3RfbmFtZSI6ICLQhtCy0LDQvdC+0LIiLAogICAgInNlY29uZF9uYW1lIjogItCc0LjQutC+0LvQsNC50L7QstC40YciLAogICAgImJpcnRoX2RhdGUiOiAiMjAwOS0wNy0wNSIsCiAgICAiYmlydGhfY291bnRyeSI6ICLQo9C60YDQsNGX0L3QsCIsCiAgICAiYmlydGhfc2V0dGxlbWVudCI6ICLQktGW0L3QvdC40YbRjyIsCiAgICAiZ2VuZGVyIjogIk1BTEUiLAogICAgImVtYWlsIjogImVtYWlsQGV4YW1wbGUuY29tIiwKICAgICJub190YXhfaWQiOiBmYWxzZSwKICAgICJ0YXhfaWQiOiAiMzk5OTg2OTM5NCIsCiAgICAic2VjcmV0IjogInNlY3JldCIsCiAgICAiZG9jdW1lbnRzIjogWwogICAgICB7CiAgICAgICAgInR5cGUiOiAiQklSVEhfQ0VSVElGSUNBVEUiLAogICAgICAgICJudW1iZXIiOiAi0JDQkDEyMDUxOCIsCiAgICAgICAgImlzc3VlZF9ieSI6ICLQoNC+0LrQuNGC0L3Rj9C90YHRjNC60LjQvCDQoNCSINCT0KMg0JzQktChINCa0LjRl9Cy0YHRjNC60L7RlyDQvtCx0LvQsNGB0YLRliIsCiAgICAgICAgImlzc3VlZF9hdCI6ICIyMDE3LTAyLTI4IiwKICAgICAgICAiZXhwaXJhdGlvbl9kYXRlIjogIjIwMjctMDItMjgiCiAgICAgIH0KICAgIF0sCiAgICAiYWRkcmVzc2VzIjogWwogICAgICB7CiAgICAgICAgInR5cGUiOiAiUkVTSURFTkNFIiwKICAgICAgICAiY291bnRyeSI6ICJVQSIsCiAgICAgICAgImFyZWEiOiAi0JbQuNGC0L7QvNC40YDRgdGM0LrQsCIsCiAgICAgICAgInJlZ2lvbiI6ICLQkdC10YDQtNC40YfRltCy0YHRjNC60LjQuSIsCiAgICAgICAgInNldHRsZW1lbnQiOiAi0JrQuNGX0LIiLAogICAgICAgICJzZXR0bGVtZW50X3R5cGUiOiAiQ0lUWSIsCiAgICAgICAgInNldHRsZW1lbnRfaWQiOiAiYjA3NWYxNDgiLAogICAgICAgICJzdHJlZXRfdHlwZSI6ICJTVFJFRVQiLAogICAgICAgICJzdHJlZXQiOiAi0LLRg9C7LiDQndGW0LbQuNC90YHRjNC60LAiLAogICAgICAgICJidWlsZGluZyI6ICIxNSIsCiAgICAgICAgImFwYXJ0bWVudCI6ICIyMyIsCiAgICAgICAgInppcCI6ICIwMjA5MCIKICAgICAgfQogICAgXSwKICAgICJwaG9uZXMiOiBbCiAgICAgIHsKICAgICAgICAidHlwZSI6ICJNT0JJTEUiLAogICAgICAgICJudW1iZXIiOiAiKzM4MDUwMzQxMDg3MCIKICAgICAgfQogICAgXSwKICAgICJhdXRoZW50aWNhdGlvbl9tZXRob2RzIjogWwogICAgICB7CiAgICAgICAgInR5cGUiOiAiVEhJUkRfUEVSU09OIiwKICAgICAgICAidmFsdWUiOiAiKzM4MDUwODg4NzcwMCIsCiAgICAgICAgImFsaWFzIjogImh1c2JhbmQiCiAgICAgIH0KICAgIF0sCiAgICAidW56ciI6ICIyMDA5MDcwNS0wMDAxMSIsCiAgICAiZW1lcmdlbmN5X2NvbnRhY3QiOiB7CiAgICAgICJmaXJzdF9uYW1lIjogItCf0LXRgtGA0L4iLAogICAgICAibGFzdF9uYW1lIjogItCG0LLQsNC90L7QsiIsCiAgICAgICJzZWNvbmRfbmFtZSI6ICLQnNC40LrQvtC70LDQudC+0LLQuNGHIiwKICAgICAgInBob25lcyI6IFsKICAgICAgICB7CiAgICAgICAgICAidHlwZSI6ICJNT0JJTEUiLAogICAgICAgICAgIm51bWJlciI6ICIrMzgwNTAzNDEwODcwIgogICAgICAgIH0KICAgICAgXQogICAgfSwKICAgICJjb25maWRhbnRfcGVyc29uIjogWwogICAgICB7CiAgICAgICAgInJlbGF0aW9uX3R5cGUiOiAiUFJJTUFSWSIsCiAgICAgICAgImZpcnN0X25hbWUiOiAi0J/QtdGC0YDQviIsCiAgICAgICAgImxhc3RfbmFtZSI6ICLQhtCy0LDQvdC+0LIiLAogICAgICAgICJzZWNvbmRfbmFtZSI6ICLQnNC40LrQvtC70LDQudC+0LLQuNGHIiwKICAgICAgICAiYmlydGhfZGF0ZSI6ICIxOTcyLTEwLTI2IiwKICAgICAgICAiYmlydGhfY291bnRyeSI6ICLQo9C60YDQsNGX0L3QsCIsCiAgICAgICAgImJpcnRoX3NldHRsZW1lbnQiOiAi0JLRltC90L3QuNGG0Y8iLAogICAgICAgICJnZW5kZXIiOiAiTUFMRSIsCiAgICAgICAgInRheF9pZCI6ICIyNjU5NzE5MzUwIiwKICAgICAgICAic2VjcmV0IjogInNlY3JldCIsCiAgICAgICAgImRvY3VtZW50c19wZXJzb24iOiBbCiAgICAgICAgICB7CiAgICAgICAgICAgICJ0eXBlIjogIlBBU1NQT1JUIiwKICAgICAgICAgICAgIm51bWJlciI6ICLQkNCQMTIwNTE4IiwKICAgICAgICAgICAgImlzc3VlZF9ieSI6ICLQoNC+0LrQuNGC0L3Rj9C90YHRjNC60LjQvCDQoNCSINCT0KMg0JzQktChINCa0LjRl9Cy0YHRjNC60L7RlyDQvtCx0LvQsNGB0YLRliIsCiAgICAgICAgICAgICJpc3N1ZWRfYXQiOiAiMjAxNy0wMi0yOCIKICAgICAgICAgIH0KICAgICAgICBdLAogICAgICAgICJkb2N1bWVudHNfcmVsYXRpb25zaGlwIjogWwogICAgICAgICAgewogICAgICAgICAgICAidHlwZSI6ICJQQVNTUE9SVCIsCiAgICAgICAgICAgICJudW1iZXIiOiAi0JDQkDEyMDUxOCIsCiAgICAgICAgICAgICJpc3N1ZWRfYnkiOiAi0KDQvtC60LjRgtC90Y/QvdGB0YzQutC40Lwg0KDQkiDQk9CjINCc0JLQoSDQmtC40ZfQstGB0YzQutC+0Zcg0L7QsdC70LDRgdGC0ZYiLAogICAgICAgICAgICAiaXNzdWVkX2F0IjogIjIwMTctMDItMjgiCiAgICAgICAgICB9CiAgICAgICAgXSwKICAgICAgICAicGhvbmVzIjogWwogICAgICAgICAgewogICAgICAgICAgICAidHlwZSI6ICJNT0JJTEUiLAogICAgICAgICAgICAibnVtYmVyIjogIiszODA1MDM0MTA4NzAiCiAgICAgICAgICB9CiAgICAgICAgXSwKICAgICAgICAiZW1haWwiOiAiZW1haWxsQGV4YW1wbGUuY29tIgogICAgICB9CiAgICBdLAogICAgInByZWZlcnJlZF93YXlfY29tbXVuaWNhdGlvbiI6ICJlbWFpbCIKICB9LAogICJwYXRpZW50X3NpZ25lZCI6IHRydWUsCiAgInByb2Nlc3NfZGlzY2xvc3VyZV9kYXRhX2NvbnNlbnQiOiB0cnVlLAogICJjb250ZW50IjogIjxodG1sPjxib2R5PjxwPnNpZ25lZCBwZXJzb24gZGF0YTwvcD48L2JvZHk+PC9odG1sPiIsCiAgImNoYW5uZWwiOiAiTUlTIgp9 (string)".
Line 13260: Action "PATCH /api/person_requests/{id}/actions/sign" already defined.
Line 13349: Ignoring unrecognized block "+ Attributes object + person (required) + id: 13001c60-45a0-4b5a-b425-9505e1de18bd(string, optional) - MPI id of the person + include Person_info_Public_request_v2_with_new_confidant_data + patient_signed: false (boolean) - Person's evidence of sign the person request + process_disclosure_data_consent: true (boolean) - Person's evidence of information about consent to data disclosure + authorize_with: cc949559-5dfe-420f-ac05-065e443b2cc6 (string)- identifier of person's auth method".
Line 13423: Ignoring unrecognized block "+ Attributes object + verification_code: 6598 (number) - required if authentication_method is OTP".
Line 13487: Ignoring unrecognized block "+ Attributes object + signed_content: ewogICJzdGF0dXMiOiAiQVBQUk9WRUQiLAogICJpZCI6ICJlZWViYjg2ZC01Y2JhLTQzYzktODg1Yi02NDgyZWNhZjgyNmIiLAogICJwZXJzb24iOiB7CiAgICAiaWQiOiAiMTMwMDFjNjAtNDVhMC00YjVhLWI0MjUtOTUwNWUxZGUxOGJkIiwKICAgICJmaXJzdF9uYW1lIjogItCf0LXRgtGA0L4iLAogICAgImxhc3RfbmFtZSI6ICLQhtCy0LDQvdC+0LIiLAogICAgInNlY29uZF9uYW1lIjogItCc0LjQutC+0LvQsNC50L7QstC40YciLAogICAgImJpcnRoX2RhdGUiOiAiMjAwOS0wNy0wNSIsCiAgICAiYmlydGhfY291bnRyeSI6ICLQo9C60YDQsNGX0L3QsCIsCiAgICAiYmlydGhfc2V0dGxlbWVudCI6ICLQktGW0L3QvdC40YbRjyIsCiAgICAiZ2VuZGVyIjogIk1BTEUiLAogICAgImVtYWlsIjogImVtYWlsQGV4YW1wbGUuY29tIiwKICAgICJub190YXhfaWQiOiBmYWxzZSwKICAgICJ0YXhfaWQiOiAiMzk5OTg2OTM5NCIsCiAgICAic2VjcmV0IjogInNlY3JldCIsCiAgICAiZG9jdW1lbnRzIjogWwogICAgICB7CiAgICAgICAgInR5cGUiOiAiQklSVEhfQ0VSVElGSUNBVEUiLAogICAgICAgICJudW1iZXIiOiAi0JDQkDEyMDUxOCIsCiAgICAgICAgImlzc3VlZF9ieSI6ICLQoNC+0LrQuNGC0L3Rj9C90YHRjNC60LjQvCDQoNCSINCT0KMg0JzQktChINCa0LjRl9Cy0YHRjNC60L7RlyDQvtCx0LvQsNGB0YLRliIsCiAgICAgICAgImlzc3VlZF9hdCI6ICIyMDE3LTAyLTI4IiwKICAgICAgICAiZXhwaXJhdGlvbl9kYXRlIjogIjIwMjctMDItMjgiCiAgICAgIH0KICAgIF0sCiAgICAiYWRkcmVzc2VzIjogWwogICAgICB7CiAgICAgICAgInR5cGUiOiAiUkVTSURFTkNFIiwKICAgICAgICAiY291bnRyeSI6ICJVQSIsCiAgICAgICAgImFyZWEiOiAi0JbQuNGC0L7QvNC40YDRgdGM0LrQsCIsCiAgICAgICAgInJlZ2lvbiI6ICLQkdC10YDQtNC40YfRltCy0YHRjNC60LjQuSIsCiAgICAgICAgInNldHRsZW1lbnQiOiAi0JrQuNGX0LIiLAogICAgICAgICJzZXR0bGVtZW50X3R5cGUiOiAiQ0lUWSIsCiAgICAgICAgInNldHRsZW1lbnRfaWQiOiAiYjA3NWYxNDgiLAogICAgICAgICJzdHJlZXRfdHlwZSI6ICJTVFJFRVQiLAogICAgICAgICJzdHJlZXQiOiAi0LLRg9C7LiDQndGW0LbQuNC90YHRjNC60LAiLAogICAgICAgICJidWlsZGluZyI6ICIxNSIsCiAgICAgICAgImFwYXJ0bWVudCI6ICIyMyIsCiAgICAgICAgInppcCI6ICIwMjA5MCIKICAgICAgfQogICAgXSwKICAgICJwaG9uZXMiOiBbCiAgICAgIHsKICAgICAgICAidHlwZSI6ICJNT0JJTEUiLAogICAgICAgICJudW1iZXIiOiAiKzM4MDUwMzQxMDg3MCIKICAgICAgfQogICAgXSwKICAgICJhdXRoZW50aWNhdGlvbl9tZXRob2RzIjogWwogICAgICB7CiAgICAgICAgInR5cGUiOiAiVEhJUkRfUEVSU09OIiwKICAgICAgICAidmFsdWUiOiAiKzM4MDUwODg4NzcwMCIsCiAgICAgICAgImFsaWFzIjogImh1c2JhbmQiCiAgICAgIH0KICAgIF0sCiAgICAidW56ciI6ICIyMDA5MDcwNS0wMDAxMSIsCiAgICAiZW1lcmdlbmN5X2NvbnRhY3QiOiB7CiAgICAgICJmaXJzdF9uYW1lIjogItCf0LXRgtGA0L4iLAogICAgICAibGFzdF9uYW1lIjogItCG0LLQsNC90L7QsiIsCiAgICAgICJzZWNvbmRfbmFtZSI6ICLQnNC40LrQvtC70LDQudC+0LLQuNGHIiwKICAgICAgInBob25lcyI6IFsKICAgICAgICB7CiAgICAgICAgICAidHlwZSI6ICJNT0JJTEUiLAogICAgICAgICAgIm51bWJlciI6ICIrMzgwNTAzNDEwODcwIgogICAgICAgIH0KICAgICAgXQogICAgfSwKICAgICJjb25maWRhbnRfcGVyc29uIjogWwogICAgICB7CiAgICAgICAgInJlbGF0aW9uX3R5cGUiOiAiUFJJTUFSWSIsCiAgICAgICAgImZpcnN0X25hbWUiOiAi0J/QtdGC0YDQviIsCiAgICAgICAgImxhc3RfbmFtZSI6ICLQhtCy0LDQvdC+0LIiLAogICAgICAgICJzZWNvbmRfbmFtZSI6ICLQnNC40LrQvtC70LDQudC+0LLQuNGHIiwKICAgICAgICAiYmlydGhfZGF0ZSI6ICIxOTcyLTEwLTI2IiwKICAgICAgICAiYmlydGhfY291bnRyeSI6ICLQo9C60YDQsNGX0L3QsCIsCiAgICAgICAgImJpcnRoX3NldHRsZW1lbnQiOiAi0JLRltC90L3QuNGG0Y8iLAogICAgICAgICJnZW5kZXIiOiAiTUFMRSIsCiAgICAgICAgInRheF9pZCI6ICIyNjU5NzE5MzUwIiwKICAgICAgICAic2VjcmV0IjogInNlY3JldCIsCiAgICAgICAgImRvY3VtZW50c19wZXJzb24iOiBbCiAgICAgICAgICB7CiAgICAgICAgICAgICJ0eXBlIjogIlBBU1NQT1JUIiwKICAgICAgICAgICAgIm51bWJlciI6ICLQkNCQMTIwNTE4IiwKICAgICAgICAgICAgImlzc3VlZF9ieSI6ICLQoNC+0LrQuNGC0L3Rj9C90YHRjNC60LjQvCDQoNCSINCT0KMg0JzQktChINCa0LjRl9Cy0YHRjNC60L7RlyDQvtCx0LvQsNGB0YLRliIsCiAgICAgICAgICAgICJpc3N1ZWRfYXQiOiAiMjAxNy0wMi0yOCIKICAgICAgICAgIH0KICAgICAgICBdLAogICAgICAgICJkb2N1bWVudHNfcmVsYXRpb25zaGlwIjogWwogICAgICAgICAgewogICAgICAgICAgICAidHlwZSI6ICJQQVNTUE9SVCIsCiAgICAgICAgICAgICJudW1iZXIiOiAi0JDQkDEyMDUxOCIsCiAgICAgICAgICAgICJpc3N1ZWRfYnkiOiAi0KDQvtC60LjRgtC90Y/QvdGB0YzQutC40Lwg0KDQkiDQk9CjINCc0JLQoSDQmtC40ZfQstGB0YzQutC+0Zcg0L7QsdC70LDRgdGC0ZYiLAogICAgICAgICAgICAiaXNzdWVkX2F0IjogIjIwMTctMDItMjgiCiAgICAgICAgICB9CiAgICAgICAgXSwKICAgICAgICAicGhvbmVzIjogWwogICAgICAgICAgewogICAgICAgICAgICAidHlwZSI6ICJNT0JJTEUiLAogICAgICAgICAgICAibnVtYmVyIjogIiszODA1MDM0MTA4NzAiCiAgICAgICAgICB9CiAgICAgICAgXSwKICAgICAgICAiZW1haWwiOiAiZW1haWxsQGV4YW1wbGUuY29tIgogICAgICB9CiAgICBdLAogICAgInByZWZlcnJlZF93YXlfY29tbXVuaWNhdGlvbiI6ICJlbWFpbCIKICB9LAogICJwYXRpZW50X3NpZ25lZCI6IHRydWUsCiAgInByb2Nlc3NfZGlzY2xvc3VyZV9kYXRhX2NvbnNlbnQiOiB0cnVlLAogICJjb250ZW50IjogIjxodG1sPjxib2R5PjxwPnNpZ25lZCBwZXJzb24gZGF0YTwvcD48L2JvZHk+PC9odG1sPiIsCiAgImNoYW5uZWwiOiAiTUlTIgp9 (string)".
Line 13577: Action is missing parameter definitions: legal_entity_id.
Line 13624: Ignoring unrecognized block "<!--+ Attributes object + type: THIRD_PERSON (string) - OTP - OFFLINE - THIRD_PERSON + alias: husband (string)-->".
Line 13868: Action is missing parameter definitions: id.
Line 14317: Action is missing parameter definitions: id.
Line 14467: Action is missing parameter definitions: birth_place, page, page_size.
Line 14611: Action "GET /sign-in" already defined.
Line 14785: Action is missing parameter definitions: legal_entity_id, requisition.
Line 14953: Action "POST /api/patients/{patient_id}/care_plans" already defined.
Line 14977: Action "PATCH /api/patients/{patient_id}/care_plans/{id}/actions/cancel" already defined.
Line 15339: Action "PATCH /api/patients/{patient_id}/care_plans/{care_plan_id}/activities/{id}/actions/cancel" already defined.
Line 15405: Action "POST /api/patients/{patient_id}/care_plans/{care_plan_id}/activities" already defined.
Line 15586: Action is missing parameter definitions: patient_id, encounter_id, episode_id.
Line 15640: Action is missing parameter definitions: patient_id, encounter_id, context_episode_id, initial_episode_id.
Line 15640: Action "GET /api/patients/{patient_id}/summary/diagnostic_reports/" already defined.
Line 15727: Action is missing parameter definitions: date_from, date_to.
Line 15793: Action is missing parameter definitions: code.
Line 15937: Action is missing parameter definitions: care_plan_id.
Line 16379: Action is missing a response
Line 16731: Action is missing parameter definitions: person_id.
Line 16980: Action is missing parameter definitions: care_plan_id.
Line 17143: Action is missing parameter definitions: patient_id, encounter_id, episode_id.
Line 17143: Action "GET /api/patients/{patient_id}/summary/medication_statements/" already defined.
Line 17246: Action is missing parameter definitions: patient_id.
Line 17306: Action is missing parameter definitions: episode_id, service_request_id, recorded_by, managing_organization_id.
Line 17361: Action is missing a response
Line 17371: Action is missing parameter definitions: patient_id.
Line 17400: Action is missing parameter definitions: id, recorded_by.
Line 17431: Action is missing parameter definitions: person_id, id.
Line 17529: Action is missing parameter definitions: patient_id, encounter_id, episode_id.
Line 17789: Action is missing parameter definitions: patient_id, service_request_id.
Line 17825: Action is missing parameter definitions: patient_id, service_request_id.
Line 17908: "Headers" is expected to be a pre-formatted code block, every of its line indented by exactly 12 spaces or 3 tabs
Line 17972: Ignoring unrecognized block "+ Attributes Use_Service_Request_Request".
Line 18055: Ignoring unrecognized block "+ Attributes Complete_Service_Request".
Line 18115: Ignoring unrecognized block "+ Attributes Service_Request_Create".
Line 18105: Action is missing parameter definitions: parent_id.
Line 18133: Ignoring unrecognized block "+ Attributes Service_Request_Base + status_reason (Codeable_Concept, required) + coding (array) + (Coding) + system: eHealth/service_request_cancel_reasons (string) + code: default (string) + explanatory_letter: Направлення було відмінене у зв'язку з помилкою при виборі пацієнта (string)".
Line 18123: Action is missing parameter definitions: patient_id, service_request_id.
Line 18158: Ignoring unrecognized block "+ Attributes Service_Request_Base + status_reason (Codeable_Concept, required) + coding (array) + (Coding) + system: eHealth/service_request_recall_reasons (string) + code: default (string) + explanatory_letter: Направлення було відкликане у зв'язку з помилкою при виборі пацієнта (string)".
Line 18148: Action is missing parameter definitions: parent_id, service_request_id.
Line 18182: Action is missing parameter definitions: id.
Line 18360: Action is missing parameter definitions: patient_id, episode_id.
Line 18500: Action is missing parameter definitions: episode_id, date_from, date_to, page, page_size.
Line 18731: Action is missing parameter definitions: period_from, period_to.
Line 18839: Action is missing parameter definitions: id.
Line 18962: Action is missing parameter definitions: patient_id, patient_id, date.
Line 19301: Action "GET /api/persons/{person_id}/compositions/{composition_id}/medication_requests/" already defined.
Line 19420: Action is missing a response
Line 19420: Action is missing parameter definitions: patient_id.
Line 19431: Action is missing parameter definitions: patient_id.
Line 19704: "Body" is expected to be a pre-formatted code block, every of its line indented by exactly 12 spaces or 3 tabs
Line 19717: "Body" is expected to be a pre-formatted code block, every of its line indented by exactly 12 spaces or 3 tabs
